{
  "status": "passed",
  "carrier": "arbitrary real probabilities",
  "variables": 36,
  "branches": [
    {
      "friend_outcomes": [
        0,
        0
      ],
      "lp_maximum": 4.0,
      "exact_primal": [
        "1",
        "0",
        "0",
        "0",
        "1/2",
        "1/2",
        "0",
        "0",
        "1/2",
        "1/2",
        "0",
        "0",
        "1/2",
        "0",
        "1/2",
        "0",
        "1/2",
        "0",
        "0",
        "1/2",
        "1/2",
        "0",
        "0",
        "1/2",
        "1/2",
        "0",
        "1/2",
        "0",
        "1/2",
        "0",
        "0",
        "1/2",
        "0",
        "1/2",
        "1/2",
        "0"
      ],
      "dual": [
        0,
        0,
        0,
        0,
        1,
        1,
        0,
        1,
        1,
        0,
        0,
        0,
        0,
        0,
        0,
        0,
        0,
        0,
        0,
        0,
        0,
        0,
        0,
        0,
        0,
        0,
        0,
        0,
        0,
        0,
        0,
        0,
        0,
        0,
        0,
        0,
        0,
        0,
        0
      ],
      "dual_slack": [
        0,
        0,
        0,
        0,
        0,
        0,
        0,
        0,
        0,
        0,
        0,
        0,
        0,
        0,
        0,
        0,
        0,
        2,
        2,
        0,
        0,
        2,
        2,
        0,
        0,
        0,
        0,
        0,
        0,
        2,
        2,
        0,
        2,
        0,
        0,
        2
      ],
      "exact_bound": 4,
      "outside_half_unit_example_value": "4/3",
      "mutations_rejected": [
        "broken_normalisation",
        "upper_bound_two"
      ]
    },
    {
      "friend_outcomes": [
        0,
        1
      ],
      "lp_maximum": 4.0,
      "exact_primal": [
        "0",
        "1",
        "0",
        "0",
        "1/2",
        "1/2",
        "0",
        "0",
        "1/2",
        "1/2",
        "0",
        "0",
        "0",
        "1/2",
        "0",
        "1/2",
        "1/2",
        "0",
        "0",
        "1/2",
        "1/2",
        "0",
        "0",
        "1/2",
        "0",
        "1/2",
        "0",
        "1/2",
        "1/2",
        "0",
        "0",
        "1/2",
        "0",
        "1/2",
        "1/2",
        "0"
      ],
      "dual": [
        0,
        0,
        0,
        0,
        1,
        1,
        0,
        1,
        1,
        0,
        0,
        0,
        0,
        0,
        0,
        0,
        0,
        0,
        0,
        0,
        0,
        0,
        0,
        0,
        0,
        0,
        0,
        0,
        0,
        0,
        0,
        0,
        0,
        0,
        0,
        0,
        0,
        0,
        0
      ],
      "dual_slack": [
        0,
        0,
        0,
        0,
        0,
        0,
        0,
        0,
        0,
        0,
        0,
        0,
        0,
        0,
        0,
        0,
        0,
        2,
        2,
        0,
        0,
        2,
        2,
        0,
        0,
        0,
        0,
        0,
        0,
        2,
        2,
        0,
        2,
        0,
        0,
        2
      ],
      "exact_bound": 4,
      "outside_half_unit_example_value": "4/3",
      "mutations_rejected": [
        "broken_normalisation",
        "upper_bound_two"
      ]
    },
    {
      "friend_outcomes": [
        1,
        0
      ],
      "lp_maximum": 4.0,
      "exact_primal": [
        "0",
        "0",
        "1",
        "0",
        "0",
        "0",
        "1/2",
        "1/2",
        "0",
        "0",
        "1/2",
        "1/2",
        "1/2",
        "0",
        "1/2",
        "0",
        "1/2",
        "0",
        "0",
        "1/2",
        "1/2",
        "0",
        "0",
        "1/2",
        "1/2",
        "0",
        "1/2",
        "0",
        "1/2",
        "0",
        "0",
        "1/2",
        "0",
        "1/2",
        "1/2",
        "0"
      ],
      "dual": [
        0,
        0,
        0,
        0,
        1,
        1,
        0,
        1,
        1,
        0,
        0,
        0,
        0,
        0,
        0,
        0,
        0,
        0,
        0,
        0,
        0,
        0,
        0,
        0,
        0,
        0,
        0,
        0,
        0,
        0,
        0,
        0,
        0,
        0,
        0,
        0,
        0,
        0,
        0
      ],
      "dual_slack": [
        0,
        0,
        0,
        0,
        0,
        0,
        0,
        0,
        0,
        0,
        0,
        0,
        0,
        0,
        0,
        0,
        0,
        2,
        2,
        0,
        0,
        2,
        2,
        0,
        0,
        0,
        0,
        0,
        0,
        2,
        2,
        0,
        2,
        0,
        0,
        2
      ],
      "exact_bound": 4,
      "outside_half_unit_example_value": "4/3",
      "mutations_rejected": [
        "broken_normalisation",
        "upper_bound_two"
      ]
    },
    {
      "friend_outcomes": [
        1,
        1
      ],
      "lp_maximum": 4.0,
      "exact_primal": [
        "0",
        "0",
        "0",
        "1",
        "0",
        "0",
        "1/2",
        "1/2",
        "0",
        "0",
        "1/2",
        "1/2",
        "0",
        "1/2",
        "0",
        "1/2",
        "1/2",
        "0",
        "0",
        "1/2",
        "1/2",
        "0",
        "0",
        "1/2",
        "0",
        "1/2",
        "0",
        "1/2",
        "1/2",
        "0",
        "0",
        "1/2",
        "0",
        "1/2",
        "1/2",
        "0"
      ],
      "dual": [
        0,
        0,
        0,
        0,
        1,
        1,
        0,
        1,
        1,
        0,
        0,
        0,
        0,
        0,
        0,
        0,
        0,
        0,
        0,
        0,
        0,
        0,
        0,
        0,
        0,
        0,
        0,
        0,
        0,
        0,
        0,
        0,
        0,
        0,
        0,
        0,
        0,
        0,
        0
      ],
      "dual_slack": [
        0,
        0,
        0,
        0,
        0,
        0,
        0,
        0,
        0,
        0,
        0,
        0,
        0,
        0,
        0,
        0,
        0,
        2,
        2,
        0,
        0,
        2,
        2,
        0,
        0,
        0,
        0,
        0,
        0,
        2,
        2,
        0,
        2,
        0,
        0,
        2
      ],
      "exact_bound": 4,
      "outside_half_unit_example_value": "4/3",
      "mutations_rejected": [
        "broken_normalisation",
        "upper_bound_two"
      ]
    }
  ],
  "routes": [
    "HiGHS linear programming",
    "exact rational primal witness and symbolic dual certificate"
  ],
  "scope": "The defined no-signalling deterministic-friend branches; no quantum theorem."
}
