exact-mixed-radial-heavy-jet PASS
exact-charged-vector-heavy-jet PASS
exact-Majorana-heavy-jet PASS
hypercharge-matching PASS
exact-neutral-vector-heavy-jet PASS
vector-kinetic-evanescent-finite-term PASS
scalar-heavy-light-two-point-integral PASS
Majorana-two-point-finite-term PASS
heavy-vector-generator-weight PASS
full_three_family-tree-gaps-and-positive-light-quartic PASS
full_three_family-full-component-spectra-h-0.0 PASS
full_three_family-heavy-radial-EOM-h-0.0 PASS
full_three_family-tree-potential-h-0.0 PASS
full_three_family-full-component-spectra-h-0.03 PASS
full_three_family-heavy-radial-EOM-h-0.03 PASS
full_three_family-tree-potential-h-0.03 PASS
full_three_family-full-component-spectra-h-0.09 PASS
full_three_family-heavy-radial-EOM-h-0.09 PASS
full_three_family-tree-potential-h-0.09 PASS
full_three_family-quartic-RG-cancellation PASS
full_three_family-mass-RG-cancellation PASS
full_three_family-scalar-kinetic-quadrature PASS
one_family-tree-gaps-and-positive-light-quartic PASS
one_family-full-component-spectra-h-0.0 PASS
one_family-heavy-radial-EOM-h-0.0 PASS
one_family-tree-potential-h-0.0 PASS
one_family-full-component-spectra-h-0.03 PASS
one_family-heavy-radial-EOM-h-0.03 PASS
one_family-tree-potential-h-0.03 PASS
one_family-full-component-spectra-h-0.09 PASS
one_family-heavy-radial-EOM-h-0.09 PASS
one_family-tree-potential-h-0.09 PASS
one_family-quartic-RG-cancellation PASS
one_family-mass-RG-cancellation PASS
one_family-scalar-kinetic-quadrature PASS
zero_portal-tree-gaps-and-positive-light-quartic PASS
zero_portal-full-component-spectra-h-0.0 PASS
zero_portal-heavy-radial-EOM-h-0.0 PASS
zero_portal-tree-potential-h-0.0 PASS
zero_portal-full-component-spectra-h-0.03 PASS
zero_portal-heavy-radial-EOM-h-0.03 PASS
zero_portal-tree-potential-h-0.03 PASS
zero_portal-full-component-spectra-h-0.09 PASS
zero_portal-heavy-radial-EOM-h-0.09 PASS
zero_portal-tree-potential-h-0.09 PASS
zero_portal-quartic-RG-cancellation PASS
zero_portal-mass-RG-cancellation PASS
zero_portal-scalar-kinetic-quadrature PASS
scalar_only-tree-gaps-and-positive-light-quartic PASS
scalar_only-full-component-spectra-h-0.0 PASS
scalar_only-heavy-radial-EOM-h-0.0 PASS
scalar_only-tree-potential-h-0.0 PASS
scalar_only-full-component-spectra-h-0.03 PASS
scalar_only-heavy-radial-EOM-h-0.03 PASS
scalar_only-tree-potential-h-0.03 PASS
scalar_only-full-component-spectra-h-0.09 PASS
scalar_only-heavy-radial-EOM-h-0.09 PASS
scalar_only-tree-potential-h-0.09 PASS
scalar_only-quartic-RG-cancellation PASS
scalar_only-mass-RG-cancellation PASS
scalar_only-scalar-kinetic-quadrature PASS
scalar_gauge-tree-gaps-and-positive-light-quartic PASS
scalar_gauge-full-component-spectra-h-0.0 PASS
scalar_gauge-heavy-radial-EOM-h-0.0 PASS
scalar_gauge-tree-potential-h-0.0 PASS
scalar_gauge-full-component-spectra-h-0.03 PASS
scalar_gauge-heavy-radial-EOM-h-0.03 PASS
scalar_gauge-tree-potential-h-0.03 PASS
scalar_gauge-full-component-spectra-h-0.09 PASS
scalar_gauge-heavy-radial-EOM-h-0.09 PASS
scalar_gauge-tree-potential-h-0.09 PASS
scalar_gauge-quartic-RG-cancellation PASS
scalar_gauge-mass-RG-cancellation PASS
scalar_gauge-scalar-kinetic-quadrature PASS
scalar_Yukawa-tree-gaps-and-positive-light-quartic PASS
scalar_Yukawa-full-component-spectra-h-0.0 PASS
scalar_Yukawa-heavy-radial-EOM-h-0.0 PASS
scalar_Yukawa-tree-potential-h-0.0 PASS
scalar_Yukawa-full-component-spectra-h-0.03 PASS
scalar_Yukawa-heavy-radial-EOM-h-0.03 PASS
scalar_Yukawa-tree-potential-h-0.03 PASS
scalar_Yukawa-full-component-spectra-h-0.09 PASS
scalar_Yukawa-heavy-radial-EOM-h-0.09 PASS
scalar_Yukawa-tree-potential-h-0.09 PASS
scalar_Yukawa-quartic-RG-cancellation PASS
scalar_Yukawa-mass-RG-cancellation PASS
scalar_Yukawa-scalar-kinetic-quadrature PASS
different_full_basis-tree-gaps-and-positive-light-quartic PASS
different_full_basis-full-component-spectra-h-0.0 PASS
different_full_basis-heavy-radial-EOM-h-0.0 PASS
different_full_basis-tree-potential-h-0.0 PASS
different_full_basis-full-component-spectra-h-0.03 PASS
different_full_basis-heavy-radial-EOM-h-0.03 PASS
different_full_basis-tree-potential-h-0.03 PASS
different_full_basis-full-component-spectra-h-0.09 PASS
different_full_basis-heavy-radial-EOM-h-0.09 PASS
different_full_basis-tree-potential-h-0.09 PASS
different_full_basis-quartic-RG-cancellation PASS
different_full_basis-mass-RG-cancellation PASS
different_full_basis-scalar-kinetic-quadrature PASS
{"checks_passed": 100, "checks_total": 100}
