full_three_family-80-digit-mass-limit PASS
full_three_family-80-digit-subtracted-quartic-limit PASS
full_three_family-unsubtracted-potential-is-not-a-threshold PASS
full_three_family-double-vs-80-digit-coefficients PASS
full_three_family-fixed-boundary-scale-transport PASS
full_three_family-dimensionful-unit-rescaling PASS
one_family-80-digit-mass-limit PASS
one_family-80-digit-subtracted-quartic-limit PASS
one_family-unsubtracted-potential-is-not-a-threshold PASS
one_family-double-vs-80-digit-coefficients PASS
one_family-fixed-boundary-scale-transport PASS
one_family-dimensionful-unit-rescaling PASS
zero_portal-80-digit-mass-limit PASS
zero_portal-80-digit-subtracted-quartic-limit PASS
zero_portal-unsubtracted-potential-is-not-a-threshold PASS
zero_portal-double-vs-80-digit-coefficients PASS
zero_portal-fixed-boundary-scale-transport PASS
zero_portal-dimensionful-unit-rescaling PASS
scalar_only-80-digit-mass-limit PASS
scalar_only-80-digit-subtracted-quartic-limit PASS
scalar_only-unsubtracted-potential-is-not-a-threshold PASS
scalar_only-double-vs-80-digit-coefficients PASS
scalar_only-fixed-boundary-scale-transport PASS
scalar_only-dimensionful-unit-rescaling PASS
scalar_gauge-80-digit-mass-limit PASS
scalar_gauge-80-digit-subtracted-quartic-limit PASS
scalar_gauge-unsubtracted-potential-is-not-a-threshold PASS
scalar_gauge-double-vs-80-digit-coefficients PASS
scalar_gauge-fixed-boundary-scale-transport PASS
scalar_gauge-dimensionful-unit-rescaling PASS
scalar_Yukawa-80-digit-mass-limit PASS
scalar_Yukawa-80-digit-subtracted-quartic-limit PASS
scalar_Yukawa-unsubtracted-potential-is-not-a-threshold PASS
scalar_Yukawa-double-vs-80-digit-coefficients PASS
scalar_Yukawa-fixed-boundary-scale-transport PASS
scalar_Yukawa-dimensionful-unit-rescaling PASS
different_full_basis-80-digit-mass-limit PASS
different_full_basis-80-digit-subtracted-quartic-limit PASS
different_full_basis-unsubtracted-potential-is-not-a-threshold PASS
different_full_basis-double-vs-80-digit-coefficients PASS
different_full_basis-fixed-boundary-scale-transport PASS
different_full_basis-dimensionful-unit-rescaling PASS
color-heavy-vector-light-generator-weight PASS
right-heavy-vector-light-generator-weight PASS
neutral-heavy-vector-light-generator-weight PASS
component-cubic-for-scalar-kinetic-loop PASS
regulated-two-point-quadrature-M-2.0 PASS
regulated-two-point-quadrature-M-0.3 PASS
singlet-primary-source-kinetic-convention PASS
seesaw-primary-source-diagonal-limit PASS
{"checks_passed": 50, "checks_total": 50}
