exact-radial-restriction-0 PASS
exact-radial-restriction-1 PASS
exact-radial-restriction-2 PASS
exact-radial-restriction-3 PASS
exact-radial-restriction-4 PASS
exact-radial-restriction-5 PASS
exact-radial-restriction-6 PASS
exact-radial-restriction-7 PASS
exact-radial-restriction-8 PASS
exact-radial-restriction-9 PASS
exact-radial-restriction-10 PASS
exact-radial-restriction-11 PASS
exact-radial-restriction-12 PASS
exact-radial-restriction-13 PASS
exact-radial-restriction-14 PASS
exact-radial-restriction-15 PASS
exact-radial-restriction-16 PASS
radial-stationary-equation PASS
exact-tree-potential-matching PASS
canonical-heavy-radial-mass PASS
zero-momentum-exchange-matches-quartic-shift PASS
doublet-mass-characteristic-polynomial PASS
independent-eight-real-Phi-masses PASS
general-light-direction-quartic PASS
general-light-direction-portal PASS
Schur-complement-agrees-with-tree-matching PASS
independent-radial-minimization PASS
canonical-quartic-coordinate-invariance PASS
Killing-kinetic-candidate-does-not-give-claimed-quartic PASS
overall-action-coefficient-changes-physical-quartic PASS
target-requires-additional-kinetic-choice PASS
squared-information-origin-degenerate-minimum PASS
no-direct-SU4-gauge-source-for-Phi-quartics PASS
neutral-gauge-CW-log-agrees-with-beta-lambda7 PASS
color_gram-entire-positive-rho2-range-unstable PASS
spin_gram-entire-positive-rho2-range-unstable PASS
