spin-exact-vector-characteristic PASS
color-exact-vector-characteristic PASS
color_gram-spin-scalar-beta-difference-zero PASS
color_gram-spin-kinetic-symmetry PASS
color_gram-spin-rho1-exact-potential-symmetry PASS
color_gram-spin-rho2-exact-potential-symmetry PASS
color_gram-spin-phi-exact-potential-symmetry PASS
color_gram-spin-portal-exact-potential-symmetry PASS
color_gram-spin-quadratic-symmetry PASS
color_gram-spin-full-68-scalar-spectrum-constant PASS
color_gram-spin-stationary-entire-orbit PASS
color_gram-spin-canonical-speed-two-d2 PASS
color_gram-spin-no-negative-tree-scalar-mass PASS
color_gram-spin-expected-flat-count PASS
spin_gram-spin-scalar-beta-difference-zero PASS
spin_gram-spin-kinetic-symmetry PASS
spin_gram-spin-rho1-exact-potential-symmetry PASS
spin_gram-spin-rho2-exact-potential-symmetry PASS
spin_gram-spin-phi-exact-potential-symmetry PASS
spin_gram-spin-portal-exact-potential-symmetry PASS
spin_gram-spin-quadratic-symmetry PASS
spin_gram-spin-full-68-scalar-spectrum-constant PASS
spin_gram-spin-stationary-entire-orbit PASS
spin_gram-spin-canonical-speed-two-d2 PASS
spin_gram-spin-no-negative-tree-scalar-mass PASS
spin_gram-spin-expected-flat-count PASS
spin_gram-color-scalar-beta-difference-zero PASS
spin_gram-color-kinetic-symmetry PASS
spin_gram-color-rho1-exact-potential-symmetry PASS
spin_gram-color-rho2-exact-potential-symmetry PASS
spin_gram-color-phi-exact-potential-symmetry PASS
spin_gram-color-portal-exact-potential-symmetry PASS
spin_gram-color-quadratic-symmetry PASS
spin_gram-color-full-68-scalar-spectrum-constant PASS
spin_gram-color-stationary-entire-orbit PASS
spin_gram-color-canonical-speed-two-d2 PASS
spin_gram-color-no-negative-tree-scalar-mass PASS
spin_gram-color-expected-flat-count PASS
spin-1-family-component-vector-spectrum PASS
spin-1-family-full-Weyl-spectrum PASS
spin-1-family-component-CW-potential PASS
color-1-family-component-vector-spectrum PASS
color-1-family-full-Weyl-spectrum PASS
color-1-family-component-CW-potential PASS
spin-3-family-component-vector-spectrum PASS
spin-3-family-full-Weyl-spectrum PASS
spin-3-family-component-CW-potential PASS
color-3-family-component-vector-spectrum PASS
color-3-family-full-Weyl-spectrum PASS
color-3-family-component-CW-potential PASS
spin-exact-gauge-beta-difference PASS
spin-only-F-fourth-power-box-source PASS
spin-Yukawa-wave-cancels-on-flat-boundary PASS
spin-gauge-wave-cancels-on-flat-boundary PASS
spin-exact-one-loop-scale-cancellation PASS
color-exact-gauge-beta-difference PASS
color-only-F-fourth-power-box-source PASS
color-Yukawa-wave-cancels-on-flat-boundary PASS
color-gauge-wave-cancels-on-flat-boundary PASS
color-exact-one-loop-scale-cancellation PASS
spin-0-family-70-digit-curvature-limit PASS
spin-1-family-70-digit-curvature-limit PASS
spin-3-family-70-digit-curvature-limit PASS
spin-independent-component-curvature-convergence PASS
color-0-family-70-digit-curvature-limit PASS
color-1-family-70-digit-curvature-limit PASS
color-3-family-70-digit-curvature-limit PASS
color-independent-component-curvature-convergence PASS
spin-scale-cancel-example-[] PASS
color-scale-cancel-example-[] PASS
spin-scale-cancel-example-[0.3] PASS
color-scale-cancel-example-[0.3] PASS
spin-scale-cancel-example-[0.5] PASS
color-scale-cancel-example-[0.5] PASS
spin-scale-cancel-example-[0.3, 0.3, 0.3] PASS
color-scale-cancel-example-[0.3, 0.3, 0.3] PASS
spin-conditional-one-family-sign-crossing PASS
color-conditional-one-family-sign-crossing PASS
{"checks_passed": 78, "checks_total": 78}
