========================================================================
CONDENSATE-AS-COLLAPSE (SLAG OF THE FURNACE) — EXACT COMPUTATION
========================================================================

[C1] Exact spectrum of ad_{T_BL} on sl(4):
     lambda = -4/3   (multiplicity 3)
     lambda = 0   (multiplicity 9)
     lambda = 4/3   (multiplicity 3)
     dim V+ = 3,  dim V0 = 9,  dim V- = 3
     ad_(T_BL) semisimple over Q (eigenbasis spans sl4): True
     C1 (universal collapse onto V+, exceptional set = V0+V-, 12-dim): True

[C2] Structure of the collapsed sector V+:
     abelian ([V+,V+]=0): True
     nilpotent order 2 (A*B = 0 for all A,B in V+): True

[C3] Action of V+ on the fermion fundamental 4:
     lep -> ['q_r']   (operator maps lep into q_r)
     lep -> ['q_g']   (operator maps lep into q_g)
     lep -> ['q_b']   (operator maps lep into q_b)
     V+ maps ONLY lepton -> quark: True
     collapse rate +4/3 == Delta(B-L) = 1/3 - (-1) = 4/3: True

[C4] The flow-invariant (uncollapsed) sector V0:
     dim(sl3+u1) = 9, dim V0 = 9, dim(sum) = 9
     V0 == sl(3) + u(1)_(B-L) exactly: True

========================================================================
VERDICT — read as it lies
========================================================================
  C1: SURVIVES — universal projective collapse onto V+ (exceptional set exact)
  C2: SURVIVES — collapsed sector abelian + nilpotent^2 (terminal slag)
  C3: SURVIVES — slag = lepton->quark transitions; rate 4/3 = Delta(B-L)
  C4: SURVIVES — uncollapsed sector = sl(3)+u(1) gauge furnace

ALL FOUR SUB-CLAIMS SURVIVE (T1 machine-verified, exact arithmetic).

Scope boundary (what this DOES and DOES NOT establish):
  DOES: in the sl(4,R) Palatini structure, the torsion flow generated by
  the B-L vacuum direction sorts the algebra into an invariant gauge
  sector (sl(3)+u(1), never collapses) and a collapsing pair; every
  generic direction lands projectively on a 3-dim terminal sector that
  is nilpotent (order 2), and that terminal sector consists exactly of
  the lepton->quark transition operators, with collapse rate equal to
  the B-L charge transferred (4/3). The 'slag' is matter-shaped, and
  the 'furnace' is the gauge structure. This is consistent with — and
  gives exact content to — the condensate-as-collapsed-form picture.
  DOES NOT: establish any statement about physical spacetime, quantum
  measurement, wavefunction collapse, or cosmology. 'Collapse' here is
  projective alignment of a linear hyperbolic flow, not decoherence.
  The correspondence of names is structural, not demonstrated physics.
