exact-X-action-0 PASS
exact-X-action-1 PASS
exact-X-action-2 PASS
exact-X-action-3 PASS
exact-X-action-4 PASS
exact-X-action-5 PASS
exact-X-action-6 PASS
exact-X-action-7 PASS
exact-X-action-8 PASS
exact-X-action-9 PASS
exact-X-action-10 PASS
exact-X-action-11 PASS
exact-X-action-12 PASS
exact-X-action-13 PASS
exact-X-action-14 PASS
exact-X-action-15 PASS
exact-X-action-16 PASS
Yukawa-vertices-neutral-in-Weyl-convention PASS
exact-scalar-loop-full-polynomial PASS
exact-scalar-loop-adds-fifth-direction PASS
historical-point-satisfies-source-relation PASS
historical-two-trace-plane-not-RG-invariant PASS
off-neutral-trace-counterexample PASS
